
> front_medreminder@0.1.0 build
> next build

Attention: Next.js now collects completely anonymous telemetry regarding usage.
This information is used to shape Next.js' roadmap and prioritize features.
You can learn more, including how to opt-out if you'd not like to participate in this anonymous program, by visiting the following URL:
https://nextjs.org/telemetry

   ▲ Next.js 15.3.2

   Creating an optimized production build ...
 ✓ Compiled successfully in 4.0s
   Linting and checking validity of types ...

./src/app/meus-lembretes/MeusLembretesContent.tsx
68:6  Warning: React Hook useEffect has a missing dependency: 'getLembretes'. Either include it or remove the dependency array.  react-hooks/exhaustive-deps

info  - Need to disable some ESLint rules? Learn more here: https://nextjs.org/docs/app/api-reference/config/eslint#disabling-rules
   Collecting page data ...
   Generating static pages (0/12) ...
   Generating static pages (3/12) 
   Generating static pages (6/12) 
   Generating static pages (9/12) 
 ✓ Generating static pages (12/12)
   Finalizing page optimization ...
   Collecting build traces ...

Route (app)                                 Size  First Load JS
┌ ○ /                                    3.42 kB         121 kB
├ ○ /_not-found                            977 B         102 kB
├ ○ /cadastro                            1.97 kB         111 kB
├ ○ /Configuracoes                       2.99 kB         116 kB
├ ○ /historico                           4.87 kB         114 kB
├ ○ /login                               3.03 kB         112 kB
├ ○ /meus-lembretes                      2.69 kB         116 kB
├ ○ /meus-medicamentos                   5.67 kB         115 kB
└ ○ /novo-medicamento                    7.38 kB         124 kB
+ First Load JS shared by all             101 kB
  ├ chunks/4bd1b696-4bc8bbeefb4f7ed9.js  53.2 kB
  ├ chunks/684-7a116aefd17a3673.js       45.9 kB
  └ other shared chunks (total)          1.99 kB


○  (Static)  prerendered as static content

EXIT_CODE=0
